{
	"criteria": {
		"golden_apple": {
			"trigger": "minecraft:consume_item",
			"conditions": {
				"item": {
					"item": "minecraft:golden_apple"
				}
			}
		}
	},
	"parent": "temperature:consumable/root",
	"rewards": {
		"function": "temperature:temp_calculation/consumable/golden/golden_apple"
	}
}